Launching thread #0...
Launching thread #1...
Launching thread #2...
Launching thread #3...
Launching thread #4...
Launching thread #5...
Launching thread #6...
Launching thread #7...
Launching thread #8...
Launching thread #9...
All threads have executed! Checking...
Thread 0 has executed? 1
Thread 1 has executed? 1
Thread 2 has executed? 1
Thread 3 has executed? 1
Thread 4 has executed? 1
Thread 5 has executed? 1
Thread 6 has executed? 1
Thread 7 has executed? 1
Thread 8 has executed? 1
Thread 9 has executed? 1
